main.c:113:5:main	72	static
main.c:222:6:SystemClock_Config	88	static
main.c:270:13:MX_ADC1_Init	24	static
main.c:317:13:MX_ADC2_Init	24	static
main.c:364:13:MX_ADC3_Init	24	static
main.c:411:13:MX_CAN1_Init	8	static
main.c:446:13:MX_USART2_UART_Init	8	static
main.c:475:13:MX_DMA_Init	16	static
main.c:498:13:MX_GPIO_Init	48	static
main.c:543:13:Ready_to_Drive	8	static
main.c:569:13:APPS_Mapping	32	static
main.c:600:6:start_Torque_Command	24	static
main.c:704:6:start_Brake_Sensor	16	static
main.c:724:6:HAL_TIM_PeriodElapsedCallback	16	static
main.c:740:6:Error_Handler	4	static,ignoring_inline_asm
