main.c:111:6:HAL_CAN_RxFifo0MsgPendingCallback	16	static
main.c:124:5:main	72	static
main.c:235:6:SystemClock_Config	88	static
main.c:283:13:MX_ADC1_Init	24	static
main.c:330:13:MX_ADC2_Init	24	static
main.c:377:13:MX_ADC3_Init	24	static
main.c:424:13:MX_CAN1_Init	48	static
main.c:471:13:MX_TIM10_Init	8	static
main.c:500:13:MX_USART2_UART_Init	8	static
main.c:529:13:MX_DMA_Init	16	static
main.c:552:13:MX_GPIO_Init	48	static
main.c:603:13:Ready_to_Drive	8	static
main.c:636:13:APPS_Mapping	32	static
main.c:667:6:start_Torque_Command	296	static
main.c:776:6:start_Brake_Sensor	16	static
main.c:798:6:HAL_TIM_PeriodElapsedCallback	16	static
main.c:814:6:Error_Handler	4	static,ignoring_inline_asm
